// Jest Snapshot v1, https://goo.gl/fbAQLP

exports[`NavigationBar renders properly 1`] = `"<nav style=\\"z-index: 10;\\" class=\\"navbar navbar-expand-lg navbar-dark bg-primary\\"><button aria-controls=\\"responsive-navbar-nav\\" type=\\"button\\" aria-label=\\"Toggle navigation\\" class=\\"navbar-toggler collapsed\\"><span class=\\"navbar-toggler-icon\\"></span></button><div class=\\"navbar-collapse collapse\\" id=\\"responsive-navbar-nav\\"><div class=\\"mr-auto navbar-nav\\"><form style=\\"display: flex; justify-content: center;\\" class=\\"\\"><input placeholder=\\"Search 🔍\\" aria-label=\\"Search\\" style=\\"font-size: 16px; height: 40px; max-width: 200px; margin-left: 10px; margin-right: 2px;\\" type=\\"search\\" class=\\"form-control\\" value=\\"\\"><button style=\\"width: 75px;\\" type=\\"button\\" class=\\"btn btn-success\\">Search</button></form></div></div></nav><div style=\\"margin-top: 70px;\\"></div>"`;
