// Jest Snapshot v1, https://goo.gl/fbAQLP

exports[`Search renders properly 1`] = `
Search {
  "context": Object {},
  "props": Object {},
  "refs": Object {},
  "state": null,
  "updater": Updater {
    "_callbacks": Array [],
    "_renderer": ReactShallowRenderer {
      "_context": Object {},
      "_didScheduleRenderPhaseUpdate": false,
      "_dispatcher": Object {
        "readContext": [Function],
        "useCallback": [Function],
        "useContext": [Function],
        "useDebugValue": [Function],
        "useDeferredValue": [Function],
        "useEffect": [Function],
        "useImperativeHandle": [Function],
        "useLayoutEffect": [Function],
        "useMemo": [Function],
        "useReducer": [Function],
        "useRef": [Function],
        "useResponder": [Function],
        "useState": [Function],
        "useTransition": [Function],
      },
      "_element": <Search />,
      "_firstWorkInProgressHook": null,
      "_forcedUpdate": false,
      "_instance": [Circular],
      "_isReRender": false,
      "_newState": null,
      "_numberOfReRenders": 0,
      "_renderPhaseUpdates": null,
      "_rendered": <NavigationBar
        search={true}
      >
        <p>
          No results found
        </p>
      </NavigationBar>,
      "_rendering": false,
      "_updater": [Circular],
      "_workInProgressHook": null,
    },
  },
}
`;
